// Jest Snapshot v1, https://goo.gl/fbAQLP

exports[`<ElevatedButton /> should render 1`] = `
<button
  class="css-view-175oi2r r-touchAction-1otgn73 Pressable-root ButtonBase-root r-cursor-1loqt21 r-outlineWidth-10paoce r-transition-71lksq r-userSelect-lrvibr ElevatedButton-root r-alignItems-1awozwy r-backgroundColor-1fz3o5x r-borderRadius-cpet4d r-boxShadow-iidqr2 r-flexDirection-18u37iz r-height-eu3ka r-justifyContent-1777fci r-paddingInline-cxgwc0"
  role="button"
  tabindex="0"
  type="button"
>
  <div
    style="color: rgb(103, 80, 164); display: contents;"
  >
    <div
      class="css-text-146c3p1 Text-root ElevatedButton-label r-fontFamily-rxj5oj r-fontSize-1b43r93 r-fontWeight-majxgm r-letterSpacing-8ay8q1 r-lineHeight-rjixqe r-textAlign-q4m81j"
      dir="auto"
      style="color: rgb(103, 80, 164);"
    >
      Hello World
    </div>
  </div>
  <span
    class="ButtonBase-hover r-borderRadius-sqpuna r-bottom-1p0dtai r-left-1d2f490 r-position-u8s1d r-right-zchlnj r-top-ipm5af r-transition-sp8bj3 r-zIndex-1wyyakw"
    style="background-color: rgb(103, 80, 164); opacity: 0;"
  />
  <span
    class="ButtonBase-rippleContainer r-borderRadius-sqpuna r-bottom-1p0dtai r-left-1d2f490 r-overflow-1udh08x r-position-u8s1d r-right-zchlnj r-top-ipm5af r-zIndex-1wyyakw"
  />
  <div
    class="css-view-175oi2r Elevation-surface r-backgroundColor-1b3fm86 r-borderRadius-sqpuna r-bottom-1p0dtai r-left-1d2f490 r-opacity-19ub0u3 r-position-u8s1d r-right-zchlnj r-top-ipm5af r-transition-7fjjqx r-zIndex-1wyyakw"
  />
</button>
`;
