// Jest Snapshot v1, https://goo.gl/fbAQLP

exports[`<Modal /> should render 1`] = `
<body
  style="overflow: hidden;"
>
  <div
    aria-hidden="true"
  />
  <div
    class="css-view-175oi2r r-bottom-1p0dtai r-left-1d2f490 r-position-1xcajam r-right-zchlnj r-top-ipm5af r-zIndex-1prsdax"
    data-class="Modal-root"
    role="presentation"
  >
    <div
      aria-hidden="true"
      class="css-view-175oi2r r-cursor-1loqt21 r-touchAction-1otgn73 r-backgroundColor-f9p2k4 r-height-1pi2tsx r-position-u8s1d r-width-13qz1uu r-zIndex-1wyyakw"
      data-class="Modal-scrim"
      style="opacity: 1;"
      tabindex="-1"
    />
    <div
      data-testid="sentinel-start"
      tabindex="0"
    />
    <div
      class="css-view-175oi2r"
      tabindex="-1"
    />
    <div
      data-testid="sentinel-end"
      tabindex="0"
    />
  </div>
</body>
`;
